// Jest Snapshot v1, https://goo.gl/fbAQLP

exports[`FooterSection matches the Snapshot 1`] = `
<footer
  className="footer padding-top-1 padding-bottom-1"
>
  <div
    className="container"
  >
    <div
      className="row center-xs"
    >
      <div
        className="col-xs"
      >
        <div
          className="row center-xs"
        >
          <span
            className="logotype"
          >
            <strong>
              netflix
            </strong>
            roulette
          </span>
        </div>
      </div>
    </div>
  </div>
</footer>
`;
